[
  {
    "decl": "const",
    "id": "y",
    "struct": "x"
  }
]
