[
  {
    "decl": "const",
    "id": "y",
    "struct": "x"
  },
  {
    "decl": "let",
    "id": "b",
    "struct": "a"
  }
]
