[
  {
    "decl": "const",
    "id": "some_long_identifier1",
    "struct": [
      "a",
      "id",
      "len_"
    ]
  },
  {
    "decl": "let",
    "id": "z",
    "struct": [
      "x",
      "_",
      "y"
    ]
  }
]
